2026-06-12T17:33:00Z Iniciando sync-gcp --layer all
[2m2026-06-12T17:33:05.479972Z[0m [1mgcs_uploaded                  [0m [36mblob[0m=[35mlake/bronze/articles/articles.parquet[0m
[2m2026-06-12T17:33:12.705726Z[0m [1mbq_loaded                     [0m [36msource[0m=[35mgs://beanalytic-dev-sports-news-lake/lake/bronze/articles/articles.parquet[0m [36mtable[0m=[35mbeanalytic-dev.sports_news_lake.bronze_articles[0m
[2m2026-06-12T17:33:14.485586Z[0m [1mgcs_uploaded                  [0m [36mblob[0m=[35mlake/bronze/sofascore/events.parquet[0m
[2m2026-06-12T17:33:19.643507Z[0m [1mbq_loaded                     [0m [36msource[0m=[35mgs://beanalytic-dev-sports-news-lake/lake/bronze/sofascore/events.parquet[0m [36mtable[0m=[35mbeanalytic-dev.sports_news_lake.bronze_sofascore_events[0m
[2m2026-06-12T17:33:21.367295Z[0m [1mgcs_uploaded                  [0m [36mblob[0m=[35mlake/bronze/superbet/snapshots.parquet[0m
[2m2026-06-12T17:33:26.747463Z[0m [1mbq_loaded                     [0m [36msource[0m=[35mgs://beanalytic-dev-sports-news-lake/lake/bronze/superbet/snapshots.parquet[0m [36mtable[0m=[35mbeanalytic-dev.sports_news_lake.bronze_superbet_snapshots[0m
[2m2026-06-12T17:33:29.463062Z[0m [1mgcs_uploaded                  [0m [36mblob[0m=[35mlake/silver/articles/articles.parquet[0m
Traceback (most recent call last):
  File "/Users/amaro/Documents/Cactus/api_noticia/.venv/bin/sync-gcp", line 7, in <module>
    sys.exit(main())
             ~~~~^^
  File "/Users/amaro/Documents/Cactus/api_noticia/ingest/gcp/cli.py", line 56, in main
    results = sync_all_layers(write_disposition=disposition)
  File "/Users/amaro/Documents/Cactus/api_noticia/ingest/gcp/sync.py", line 369, in sync_all_layers
    sync_layer(layer, write_disposition=write_disposition)
    ~~~~~~~~~~^^^^^^^^^^^^^^^^^^^^^^^^^^^^^^^^^^^^^^^^^^^^
  File "/Users/amaro/Documents/Cactus/api_noticia/ingest/gcp/sync.py", line 320, in sync_layer
    return _sync_dataframe_layer(
        load_layer_dataframe(layer),
    ...<3 lines>...
        write_disposition=write_disposition,
    )
  File "/Users/amaro/Documents/Cactus/api_noticia/ingest/gcp/sync.py", line 242, in _sync_dataframe_layer
    files, uri = load_dataframe_via_gcs(
                 ~~~~~~~~~~~~~~~~~~~~~~^
        df,
        ^^^
    ...<3 lines>...
        write_disposition=write_disposition,
        ^^^^^^^^^^^^^^^^^^^^^^^^^^^^^^^^^^^^
    )
    ^
  File "/Users/amaro/Documents/Cactus/api_noticia/ingest/gcp/sync.py", line 120, in load_dataframe_via_gcs
    load_parquet_to_bigquery(uri, table_id, write_disposition=write_disposition)
    ~~~~~~~~~~~~~~~~~~~~~~~~^^^^^^^^^^^^^^^^^^^^^^^^^^^^^^^^^^^^^^^^^^^^^^^^^^^^
  File "/Users/amaro/Documents/Cactus/api_noticia/ingest/gcp/sync.py", line 94, in load_parquet_to_bigquery
    job.result()
    ~~~~~~~~~~^^
  File "/Users/amaro/Documents/Cactus/api_noticia/.venv/lib/python3.13/site-packages/google/cloud/bigquery/job/base.py", line 1047, in result
    return super(_AsyncJob, self).result(timeout=timeout, retry=retry)
           ~~~~~~~~~~~~~~~~~~~~~~~~~~~~~^^^^^^^^^^^^^^^^^^^^^^^^^^^^^^
  File "/Users/amaro/Documents/Cactus/api_noticia/.venv/lib/python3.13/site-packages/google/api_core/future/polling.py", line 261, in result
    raise self._exception
google.api_core.exceptions.BadRequest: 400 Provided Schema does not match Table beanalytic-dev:sports_news_lake.silver_articles. Field event_id has changed type from FLOAT to INTEGER; reason: invalid, message: Provided Schema does not match Table beanalytic-dev:sports_news_lake.silver_articles. Field event_id has changed type from FLOAT to INTEGER
2026-06-12T17:33:33Z Backup falhou (ver log)
2026-06-12T17:36:23Z Backup manual concluído (sync-gcp --layer all --truncate)
